[    1549ms] [INFO] %cDownload the React DevTools for a better development experience: https://react.dev/link/react-devtools font-weight:bold @ http://localhost:3000/_next/static/chunks/166g_next_dist_0yxsnqj._.js:2477
[    1611ms] [LOG] [HMR] connected @ http://localhost:3000/_next/static/chunks/166g_next_dist_0yxsnqj._.js:2477
[    1704ms] [ERROR] Failed to load resource: the server responded with a status of 401 (Unauthorized) @ http://localhost:3001/auth/refresh:0
[    1770ms] [WARNING] Image with src "/images/logo.png" has either width or height modified, but not the other. If you use CSS to change the size of your image, also include the styles 'width: "auto"' or 'height: "auto"' to maintain the aspect ratio. @ http://localhost:3000/_next/static/chunks/166g_next_dist_0yxsnqj._.js:2477
[  200789ms] [LOG] [Fast Refresh] rebuilding @ http://localhost:3000/_next/static/chunks/166g_next_dist_0yxsnqj._.js:2477
[  200869ms] [LOG] [Fast Refresh] done in 169ms @ http://localhost:3000/_next/static/chunks/166g_next_dist_0yxsnqj._.js:2477
[  221492ms] [LOG] [Fast Refresh] rebuilding @ http://localhost:3000/_next/static/chunks/166g_next_dist_0yxsnqj._.js:2477
[  221562ms] [LOG] [Fast Refresh] done in 168ms @ http://localhost:3000/_next/static/chunks/166g_next_dist_0yxsnqj._.js:2477
[  246431ms] [LOG] [Fast Refresh] rebuilding @ http://localhost:3000/_next/static/chunks/166g_next_dist_0yxsnqj._.js:2477
[  246519ms] [LOG] [Fast Refresh] done in 188ms @ http://localhost:3000/_next/static/chunks/166g_next_dist_0yxsnqj._.js:2477
[  246947ms] [LOG] [Fast Refresh] rebuilding @ http://localhost:3000/_next/static/chunks/166g_next_dist_0yxsnqj._.js:2477
[  247029ms] [LOG] [Fast Refresh] done in 183ms @ http://localhost:3000/_next/static/chunks/166g_next_dist_0yxsnqj._.js:2477
[  301170ms] [LOG] [Fast Refresh] rebuilding @ http://localhost:3000/_next/static/chunks/166g_next_dist_0yxsnqj._.js:2477
[  301172ms] [LOG] [Fast Refresh] done in 103ms @ http://localhost:3000/_next/static/chunks/166g_next_dist_0yxsnqj._.js:2477
[  301376ms] [LOG] [Fast Refresh] rebuilding @ http://localhost:3000/_next/static/chunks/166g_next_dist_0yxsnqj._.js:2477
[  301491ms] [ERROR] ./code/nomo-green/frontend/components/app/supplier/supplier-list.tsx:8:1
Export supplierTypeLabel doesn't exist in target module
   6 | import { DataPagination } from "@/components/app/shared/data-pagination";
   7 | import { ListSkeleton } from "@/components/app/shared/list-skeleton";
>  8 | import {
     | ^^^^^^^
>  9 | 	SupplierCard,
     | ^^^^^^^^^^^^^
> 10 | 	supplierTypeLabel,
     | ^^^^^^^^^^^^^^^^^^
> 11 | } from "@/components/app/supplier/supplier-card";
     | ^^^^^^^^^^^^^^^^^^^^^^^^^^^^^^^^^^^^^^^^^^^^^^^^^
  12 | import {
  13 | 	deleteTenantSupplier,
  14 | 	listTenantSuppliers,

The export supplierTypeLabel was not found in module [project]/code/nomo-green/frontend/components/app/supplier/supplier-card.tsx [app-client] (ecmascript).
Did you mean to import SupplierCard?
All exports of the module are statically known (It doesn't have dynamic exports). So it's known statically that the requested export doesn't exist.

Import trace:
  Server Component:
    ./code/nomo-green/frontend/components/app/supplier/supplier-list.tsx
    ./code/nomo-green/frontend/app/(app)/nha-cung-cap/page.tsx @ http://localhost:3000/_next/static/chunks/166g_next_dist_0yxsnqj._.js:3318
[  301491ms] [ERROR] ./code/nomo-green/frontend/components/app/supplier/supplier-list.tsx:8:1
Export supplierTypeLabel doesn't exist in target module
   6 | import { DataPagination } from "@/components/app/shared/data-pagination";
   7 | import { ListSkeleton } from "@/components/app/shared/list-skeleton";
>  8 | import {
     | ^^^^^^^
>  9 | 	SupplierCard,
     | ^^^^^^^^^^^^^
> 10 | 	supplierTypeLabel,
     | ^^^^^^^^^^^^^^^^^^
> 11 | } from "@/components/app/supplier/supplier-card";
     | ^^^^^^^^^^^^^^^^^^^^^^^^^^^^^^^^^^^^^^^^^^^^^^^^^
  12 | import {
  13 | 	deleteTenantSupplier,
  14 | 	listTenantSuppliers,

The export supplierTypeLabel was not found in module [project]/code/nomo-green/frontend/components/app/supplier/supplier-card.tsx [app-ssr] (ecmascript).
Did you mean to import SupplierCard?
All exports of the module are statically known (It doesn't have dynamic exports). So it's known statically that the requested export doesn't exist.

Import trace:
  Server Component:
    ./code/nomo-green/frontend/components/app/supplier/supplier-list.tsx
    ./code/nomo-green/frontend/app/(app)/nha-cung-cap/page.tsx @ http://localhost:3000/_next/static/chunks/166g_next_dist_0yxsnqj._.js:3318
[  302111ms] [LOG] [Fast Refresh] rebuilding @ http://localhost:3000/_next/static/chunks/166g_next_dist_0yxsnqj._.js:2477
[  302135ms] [ERROR] ./code/nomo-green/frontend/components/app/supplier/supplier-list.tsx:8:1
Export supplierTypeLabel doesn't exist in target module
   6 | import { DataPagination } from "@/components/app/shared/data-pagination";
   7 | import { ListSkeleton } from "@/components/app/shared/list-skeleton";
>  8 | import {
     | ^^^^^^^
>  9 | 	SupplierCard,
     | ^^^^^^^^^^^^^
> 10 | 	supplierTypeLabel,
     | ^^^^^^^^^^^^^^^^^^
> 11 | } from "@/components/app/supplier/supplier-card";
     | ^^^^^^^^^^^^^^^^^^^^^^^^^^^^^^^^^^^^^^^^^^^^^^^^^
  12 | import {
  13 | 	deleteTenantSupplier,
  14 | 	listTenantSuppliers,

The export supplierTypeLabel was not found in module [project]/code/nomo-green/frontend/components/app/supplier/supplier-card.tsx [app-client] (ecmascript).
Did you mean to import SupplierCard?
All exports of the module are statically known (It doesn't have dynamic exports). So it's known statically that the requested export doesn't exist.

Import trace:
  Server Component:
    ./code/nomo-green/frontend/components/app/supplier/supplier-list.tsx
    ./code/nomo-green/frontend/app/(app)/nha-cung-cap/page.tsx @ http://localhost:3000/_next/static/chunks/166g_next_dist_0yxsnqj._.js:3318
[  302141ms] [ERROR] ./code/nomo-green/frontend/components/app/supplier/supplier-list.tsx:8:1
Export supplierTypeLabel doesn't exist in target module
   6 | import { DataPagination } from "@/components/app/shared/data-pagination";
   7 | import { ListSkeleton } from "@/components/app/shared/list-skeleton";
>  8 | import {
     | ^^^^^^^
>  9 | 	SupplierCard,
     | ^^^^^^^^^^^^^
> 10 | 	supplierTypeLabel,
     | ^^^^^^^^^^^^^^^^^^
> 11 | } from "@/components/app/supplier/supplier-card";
     | ^^^^^^^^^^^^^^^^^^^^^^^^^^^^^^^^^^^^^^^^^^^^^^^^^
  12 | import {
  13 | 	deleteTenantSupplier,
  14 | 	listTenantSuppliers,

The export supplierTypeLabel was not found in module [project]/code/nomo-green/frontend/components/app/supplier/supplier-card.tsx [app-ssr] (ecmascript).
Did you mean to import SupplierCard?
All exports of the module are statically known (It doesn't have dynamic exports). So it's known statically that the requested export doesn't exist.

Import trace:
  Server Component:
    ./code/nomo-green/frontend/components/app/supplier/supplier-list.tsx
    ./code/nomo-green/frontend/app/(app)/nha-cung-cap/page.tsx @ http://localhost:3000/_next/static/chunks/166g_next_dist_0yxsnqj._.js:3318
[  302259ms] [LOG] [Fast Refresh] rebuilding @ http://localhost:3000/_next/static/chunks/166g_next_dist_0yxsnqj._.js:2477
[  302855ms] [LOG] [Fast Refresh] done in 585ms @ http://localhost:3000/_next/static/chunks/166g_next_dist_0yxsnqj._.js:2477
[  303111ms] [ERROR] Failed to load resource: the server responded with a status of 500 (Internal Server Error) @ http://localhost:3000/dang-nhap?next=%2Fkhach-hang&_rsc=pAXc6CpX0YFrUfxa:0
[  303880ms] [LOG] [Fast Refresh] rebuilding @ http://localhost:3000/_next/static/chunks/166g_next_dist_0yxsnqj._.js:2477
[  303963ms] [LOG] [Fast Refresh] done in 184ms @ http://localhost:3000/_next/static/chunks/166g_next_dist_0yxsnqj._.js:2477
[  306134ms] [INFO] %cDownload the React DevTools for a better development experience: https://react.dev/link/react-devtools font-weight:bold @ http://localhost:3000/_next/static/chunks/166g_next_dist_0yxsnqj._.js:2477
[  306446ms] [LOG] [HMR] connected @ http://localhost:3000/_next/static/chunks/166g_next_dist_0yxsnqj._.js:2477
[  306614ms] [LOG] [Fast Refresh] rebuilding @ http://localhost:3000/_next/static/chunks/166g_next_dist_0yxsnqj._.js:2477
[  306731ms] [ERROR] Failed to load resource: the server responded with a status of 401 (Unauthorized) @ http://localhost:3001/auth/refresh:0
[  306742ms] [WARNING] Image with src "/images/logo.png" has either width or height modified, but not the other. If you use CSS to change the size of your image, also include the styles 'width: "auto"' or 'height: "auto"' to maintain the aspect ratio. @ http://localhost:3000/_next/static/chunks/166g_next_dist_0yxsnqj._.js:2477
[  306788ms] [LOG] [Fast Refresh] done in 274ms @ http://localhost:3000/_next/static/chunks/166g_next_dist_0yxsnqj._.js:2477
[  309477ms] [LOG] [Fast Refresh] rebuilding @ http://localhost:3000/_next/static/chunks/166g_next_dist_0yxsnqj._.js:2477
[  309777ms] [LOG] [Fast Refresh] done in 401ms @ http://localhost:3000/_next/static/chunks/166g_next_dist_0yxsnqj._.js:2477
[  309881ms] [LOG] [Fast Refresh] rebuilding @ http://localhost:3000/_next/static/chunks/166g_next_dist_0yxsnqj._.js:2477
[  309893ms] [LOG] [Fast Refresh] done in 113ms @ http://localhost:3000/_next/static/chunks/166g_next_dist_0yxsnqj._.js:2477
[  315472ms] [LOG] [Fast Refresh] rebuilding @ http://localhost:3000/_next/static/chunks/166g_next_dist_0yxsnqj._.js:2477
[  315595ms] [LOG] [Fast Refresh] done in 225ms @ http://localhost:3000/_next/static/chunks/166g_next_dist_0yxsnqj._.js:2477
[  413037ms] [LOG] [Fast Refresh] rebuilding @ http://localhost:3000/_next/static/chunks/166g_next_dist_0yxsnqj._.js:2477
[  413281ms] [LOG] [Fast Refresh] done in 313ms @ http://localhost:3000/_next/static/chunks/166g_next_dist_0yxsnqj._.js:2477
[  501933ms] [ERROR] Failed to load resource: net::ERR_CONNECTION_REFUSED @ http://localhost:3001/auth/login:0
[  778538ms] [LOG] [Fast Refresh] rebuilding @ http://localhost:3000/_next/static/chunks/166g_next_dist_0yxsnqj._.js:2477
[  778616ms] [LOG] [Fast Refresh] done in 182ms @ http://localhost:3000/_next/static/chunks/166g_next_dist_0yxsnqj._.js:2477
[  778759ms] [LOG] [Fast Refresh] rebuilding @ http://localhost:3000/_next/static/chunks/166g_next_dist_0yxsnqj._.js:2477
[  778920ms] [LOG] [Fast Refresh] done in 262ms @ http://localhost:3000/_next/static/chunks/166g_next_dist_0yxsnqj._.js:2477
[  779130ms] [LOG] [Fast Refresh] rebuilding @ http://localhost:3000/_next/static/chunks/166g_next_dist_0yxsnqj._.js:2477
[  779150ms] [LOG] [Fast Refresh] done in 121ms @ http://localhost:3000/_next/static/chunks/166g_next_dist_0yxsnqj._.js:2477
[  786556ms] [LOG] [Fast Refresh] rebuilding @ http://localhost:3000/_next/static/chunks/166g_next_dist_0yxsnqj._.js:2477
[  786559ms] [LOG] [Fast Refresh] done in 105ms @ http://localhost:3000/_next/static/chunks/166g_next_dist_0yxsnqj._.js:2477
[  900164ms] [LOG] [Fast Refresh] rebuilding @ http://localhost:3000/_next/static/chunks/166g_next_dist_0yxsnqj._.js:2477
[  900315ms] [LOG] [Fast Refresh] done in 253ms @ http://localhost:3000/_next/static/chunks/166g_next_dist_0yxsnqj._.js:2477
[  914291ms] [LOG] [Fast Refresh] rebuilding @ http://localhost:3000/_next/static/chunks/166g_next_dist_0yxsnqj._.js:2477
[  916570ms] [LOG] [Fast Refresh] done in 2383ms @ http://localhost:3000/_next/static/chunks/166g_next_dist_0yxsnqj._.js:2477
[  917262ms] [LOG] [Fast Refresh] rebuilding @ http://localhost:3000/_next/static/chunks/166g_next_dist_0yxsnqj._.js:2477
[  917263ms] [LOG] [Fast Refresh] done in 103ms @ http://localhost:3000/_next/static/chunks/166g_next_dist_0yxsnqj._.js:2477
[ 1303474ms] [LOG] [Fast Refresh] rebuilding @ http://localhost:3000/_next/static/chunks/166g_next_dist_0yxsnqj._.js:2477
[ 1303497ms] [LOG] [Fast Refresh] done in 124ms @ http://localhost:3000/_next/static/chunks/166g_next_dist_0yxsnqj._.js:2477
[ 1304355ms] [LOG] [Fast Refresh] rebuilding @ http://localhost:3000/_next/static/chunks/166g_next_dist_0yxsnqj._.js:2477
[ 1304390ms] [LOG] [Fast Refresh] done in 136ms @ http://localhost:3000/_next/static/chunks/166g_next_dist_0yxsnqj._.js:2477
[ 1304709ms] [LOG] [Fast Refresh] rebuilding @ http://localhost:3000/_next/static/chunks/166g_next_dist_0yxsnqj._.js:2477
[ 1304814ms] [LOG] [Fast Refresh] done in 206ms @ http://localhost:3000/_next/static/chunks/166g_next_dist_0yxsnqj._.js:2477
[ 1304918ms] [LOG] [Fast Refresh] rebuilding @ http://localhost:3000/_next/static/chunks/166g_next_dist_0yxsnqj._.js:2477
[ 1304926ms] [LOG] [Fast Refresh] done in 111ms @ http://localhost:3000/_next/static/chunks/166g_next_dist_0yxsnqj._.js:2477
[ 2507943ms] [LOG] [Fast Refresh] rebuilding @ http://localhost:3000/_next/static/chunks/166g_next_dist_0yxsnqj._.js:2477
[ 2510356ms] [LOG] [Fast Refresh] done in 2518ms @ http://localhost:3000/_next/static/chunks/166g_next_dist_0yxsnqj._.js:2477
[ 2510514ms] [LOG] [Fast Refresh] rebuilding @ http://localhost:3000/_next/static/chunks/166g_next_dist_0yxsnqj._.js:2477
[ 2510578ms] [LOG] [Fast Refresh] done in 165ms @ http://localhost:3000/_next/static/chunks/166g_next_dist_0yxsnqj._.js:2477
[ 2513828ms] [LOG] [Fast Refresh] rebuilding @ http://localhost:3000/_next/static/chunks/166g_next_dist_0yxsnqj._.js:2477
[ 2514008ms] [LOG] [Fast Refresh] done in 282ms @ http://localhost:3000/_next/static/chunks/166g_next_dist_0yxsnqj._.js:2477
[ 2514268ms] [LOG] [Fast Refresh] rebuilding @ http://localhost:3000/_next/static/chunks/166g_next_dist_0yxsnqj._.js:2477
[ 2514535ms] [LOG] [Fast Refresh] done in 367ms @ http://localhost:3000/_next/static/chunks/166g_next_dist_0yxsnqj._.js:2477
[ 2524665ms] [LOG] [Fast Refresh] rebuilding @ http://localhost:3000/_next/static/chunks/166g_next_dist_0yxsnqj._.js:2477
[ 2525568ms] [LOG] [Fast Refresh] done in 1006ms @ http://localhost:3000/_next/static/chunks/166g_next_dist_0yxsnqj._.js:2477
[252018421ms] [LOG] [Fast Refresh] rebuilding @ http://localhost:3000/_next/static/chunks/166g_next_dist_0yxsnqj._.js:2477
[252019985ms] [LOG] [Fast Refresh] done in 1662ms @ http://localhost:3000/_next/static/chunks/166g_next_dist_0yxsnqj._.js:2477
[252020183ms] [LOG] [Fast Refresh] rebuilding @ http://localhost:3000/_next/static/chunks/166g_next_dist_0yxsnqj._.js:2477
[252021065ms] [LOG] [Fast Refresh] done in 984ms @ http://localhost:3000/_next/static/chunks/166g_next_dist_0yxsnqj._.js:2477
[252021790ms] [LOG] [Fast Refresh] rebuilding @ http://localhost:3000/_next/static/chunks/166g_next_dist_0yxsnqj._.js:2477
[252021909ms] [LOG] [Fast Refresh] done in 220ms @ http://localhost:3000/_next/static/chunks/166g_next_dist_0yxsnqj._.js:2477
[252053084ms] [LOG] [Fast Refresh] rebuilding @ http://localhost:3000/_next/static/chunks/166g_next_dist_0yxsnqj._.js:2477
[252053249ms] [LOG] [Fast Refresh] done in 267ms @ http://localhost:3000/_next/static/chunks/166g_next_dist_0yxsnqj._.js:2477
[252053901ms] [LOG] [Fast Refresh] rebuilding @ http://localhost:3000/_next/static/chunks/166g_next_dist_0yxsnqj._.js:2477
[252053921ms] [LOG] [Fast Refresh] done in 121ms @ http://localhost:3000/_next/static/chunks/166g_next_dist_0yxsnqj._.js:2477
[253092126ms] [LOG] [Fast Refresh] rebuilding @ http://localhost:3000/_next/static/chunks/166g_next_dist_0yxsnqj._.js:2477
[253092932ms] [LOG] [Fast Refresh] done in 915ms @ http://localhost:3000/_next/static/chunks/166g_next_dist_0yxsnqj._.js:2477
[253105375ms] [LOG] [Fast Refresh] rebuilding @ http://localhost:3000/_next/static/chunks/166g_next_dist_0yxsnqj._.js:2477
[253106658ms] [LOG] [Fast Refresh] done in 1386ms @ http://localhost:3000/_next/static/chunks/166g_next_dist_0yxsnqj._.js:2477
[253107408ms] [LOG] [Fast Refresh] rebuilding @ http://localhost:3000/_next/static/chunks/166g_next_dist_0yxsnqj._.js:2477
[253108303ms] [LOG] [Fast Refresh] done in 996ms @ http://localhost:3000/_next/static/chunks/166g_next_dist_0yxsnqj._.js:2477
[253108405ms] [LOG] [Fast Refresh] rebuilding @ http://localhost:3000/_next/static/chunks/166g_next_dist_0yxsnqj._.js:2477
[253108681ms] [LOG] [Fast Refresh] done in 378ms @ http://localhost:3000/_next/static/chunks/166g_next_dist_0yxsnqj._.js:2477
[253108783ms] [LOG] [Fast Refresh] rebuilding @ http://localhost:3000/_next/static/chunks/166g_next_dist_0yxsnqj._.js:2477
[253110322ms] [LOG] [Fast Refresh] done in 1641ms @ http://localhost:3000/_next/static/chunks/166g_next_dist_0yxsnqj._.js:2477
[254926013ms] [LOG] [Fast Refresh] rebuilding @ http://localhost:3000/_next/static/chunks/166g_next_dist_0yxsnqj._.js:2477
[254926025ms] [LOG] [Fast Refresh] done in 120ms @ http://localhost:3000/_next/static/chunks/166g_next_dist_0yxsnqj._.js:2477
[254973560ms] [LOG] [Fast Refresh] rebuilding @ http://localhost:3000/_next/static/chunks/166g_next_dist_0yxsnqj._.js:2477
[254973701ms] [LOG] [Fast Refresh] done in 243ms @ http://localhost:3000/_next/static/chunks/166g_next_dist_0yxsnqj._.js:2477
[255835093ms] [LOG] [Fast Refresh] rebuilding @ http://localhost:3000/_next/static/chunks/166g_next_dist_0yxsnqj._.js:2477
[255835351ms] [LOG] [Fast Refresh] done in 365ms @ http://localhost:3000/_next/static/chunks/166g_next_dist_0yxsnqj._.js:2477
[255858547ms] [LOG] [Fast Refresh] rebuilding @ http://localhost:3000/_next/static/chunks/166g_next_dist_0yxsnqj._.js:2477
[255858562ms] [LOG] [Fast Refresh] done in 116ms @ http://localhost:3000/_next/static/chunks/166g_next_dist_0yxsnqj._.js:2477
[255859254ms] [LOG] [Fast Refresh] rebuilding @ http://localhost:3000/_next/static/chunks/166g_next_dist_0yxsnqj._.js:2477
[255859259ms] [LOG] [Fast Refresh] done in 107ms @ http://localhost:3000/_next/static/chunks/166g_next_dist_0yxsnqj._.js:2477
[256283247ms] [LOG] [Fast Refresh] rebuilding @ http://localhost:3000/_next/static/chunks/166g_next_dist_0yxsnqj._.js:2477
[256283409ms] [LOG] [Fast Refresh] done in 264ms @ http://localhost:3000/_next/static/chunks/166g_next_dist_0yxsnqj._.js:2477
[256283761ms] [LOG] [Fast Refresh] rebuilding @ http://localhost:3000/_next/static/chunks/166g_next_dist_0yxsnqj._.js:2477
[256283764ms] [LOG] [Fast Refresh] done in 104ms @ http://localhost:3000/_next/static/chunks/166g_next_dist_0yxsnqj._.js:2477
[256308852ms] [LOG] [Fast Refresh] rebuilding @ http://localhost:3000/_next/static/chunks/166g_next_dist_0yxsnqj._.js:2477
[256309050ms] [LOG] [Fast Refresh] done in 299ms @ http://localhost:3000/_next/static/chunks/166g_next_dist_0yxsnqj._.js:2477
[256990554ms] [LOG] [Fast Refresh] rebuilding @ http://localhost:3000/_next/static/chunks/166g_next_dist_0yxsnqj._.js:2477
[256990740ms] [LOG] [Fast Refresh] done in 291ms @ http://localhost:3000/_next/static/chunks/166g_next_dist_0yxsnqj._.js:2477
[257097176ms] [LOG] [Fast Refresh] rebuilding @ http://localhost:3000/_next/static/chunks/166g_next_dist_0yxsnqj._.js:2477
[257098273ms] [ERROR] WebSocket connection to 'ws://localhost:3000/_next/webpack-hmr?id=KiiCIvgXPyukWKxvYCpvD' failed: Error in connection establishment: net::ERR_CONNECTION_REFUSED @ http://localhost:3000/_next/static/chunks/166g_next_dist_client_0p0bj2g._.js:13422
[257099278ms] [ERROR] WebSocket connection to 'ws://localhost:3000/_next/webpack-hmr?id=KiiCIvgXPyukWKxvYCpvD' failed: Error in connection establishment: net::ERR_CONNECTION_REFUSED @ http://localhost:3000/_next/static/chunks/166g_next_dist_client_0p0bj2g._.js:13422
[257100282ms] [ERROR] WebSocket connection to 'ws://localhost:3000/_next/webpack-hmr?id=KiiCIvgXPyukWKxvYCpvD' failed: Error in connection establishment: net::ERR_CONNECTION_REFUSED @ http://localhost:3000/_next/static/chunks/166g_next_dist_client_0p0bj2g._.js:13422
[257101290ms] [ERROR] WebSocket connection to 'ws://localhost:3000/_next/webpack-hmr?id=KiiCIvgXPyukWKxvYCpvD' failed: Error in connection establishment: net::ERR_CONNECTION_REFUSED @ http://localhost:3000/_next/static/chunks/166g_next_dist_client_0p0bj2g._.js:13422
[257102295ms] [ERROR] WebSocket connection to 'ws://localhost:3000/_next/webpack-hmr?id=KiiCIvgXPyukWKxvYCpvD' failed: Error in connection establishment: net::ERR_CONNECTION_REFUSED @ http://localhost:3000/_next/static/chunks/166g_next_dist_client_0p0bj2g._.js:13422
[257107305ms] [ERROR] WebSocket connection to 'ws://localhost:3000/_next/webpack-hmr?id=KiiCIvgXPyukWKxvYCpvD' failed: Error in connection establishment: net::ERR_CONNECTION_REFUSED @ http://localhost:3000/_next/static/chunks/166g_next_dist_client_0p0bj2g._.js:13422
[257112313ms] [ERROR] WebSocket connection to 'ws://localhost:3000/_next/webpack-hmr?id=KiiCIvgXPyukWKxvYCpvD' failed: Error in connection establishment: net::ERR_CONNECTION_REFUSED @ http://localhost:3000/_next/static/chunks/166g_next_dist_client_0p0bj2g._.js:13422
[257117340ms] [ERROR] WebSocket connection to 'ws://localhost:3000/_next/webpack-hmr?id=KiiCIvgXPyukWKxvYCpvD' failed: Error in connection establishment: net::ERR_CONNECTION_REFUSED @ http://localhost:3000/_next/static/chunks/166g_next_dist_client_0p0bj2g._.js:13422
[257122357ms] [ERROR] WebSocket connection to 'ws://localhost:3000/_next/webpack-hmr?id=KiiCIvgXPyukWKxvYCpvD' failed: Error in connection establishment: net::ERR_CONNECTION_REFUSED @ http://localhost:3000/_next/static/chunks/166g_next_dist_client_0p0bj2g._.js:13422
[257127424ms] [ERROR] WebSocket connection to 'ws://localhost:3000/_next/webpack-hmr?id=KiiCIvgXPyukWKxvYCpvD' failed: Error in connection establishment: net::ERR_CONNECTION_REFUSED @ http://localhost:3000/_next/static/chunks/166g_next_dist_client_0p0bj2g._.js:13422
[257132493ms] [ERROR] WebSocket connection to 'ws://localhost:3000/_next/webpack-hmr?id=KiiCIvgXPyukWKxvYCpvD' failed: Error in connection establishment: net::ERR_CONNECTION_REFUSED @ http://localhost:3000/_next/static/chunks/166g_next_dist_client_0p0bj2g._.js:13422
[257137712ms] [ERROR] WebSocket connection to 'ws://localhost:3000/_next/webpack-hmr?id=KiiCIvgXPyukWKxvYCpvD' failed: Error in connection establishment: net::ERR_CONNECTION_REFUSED @ http://localhost:3000/_next/static/chunks/166g_next_dist_client_0p0bj2g._.js:13422
